// Jest Snapshot v1, https://goo.gl/fbAQLP

exports[`matches snapshot 1`] = `
<div>
  <h3>
     
    save
     
  </h3>
  <button
    className="toggle"
    data-testid="button"
    onClick={[Function]}
  />
</div>
`;
